E:\FPT ACADEMY\MCU\CODE\Nguyen_Viet_Trung_Asm5\drivers/fsl_clock.h:712:20:CLOCK_SetVlprModeSysClkConfig	24	static
E:\FPT ACADEMY\MCU\CODE\Nguyen_Viet_Trung_Asm5\drivers/fsl_clock.h:732:20:CLOCK_SetRunModeSysClkConfig	24	static
E:\FPT ACADEMY\MCU\CODE\Nguyen_Viet_Trung_Asm5\drivers/fsl_clock.h:752:20:CLOCK_GetCurSysClkConfig	24	static
E:\FPT ACADEMY\MCU\CODE\Nguyen_Viet_Trung_Asm5\drivers/fsl_clock.h:1189:20:CLOCK_SetXtal0Freq	16	static
E:\FPT ACADEMY\MCU\CODE\Nguyen_Viet_Trung_Asm5\drivers/fsl_smc.h:256:20:SMC_SetPowerModeProtection	16	static
E:\FPT ACADEMY\MCU\CODE\Nguyen_Viet_Trung_Asm5\drivers/fsl_smc.h:275:33:SMC_GetPowerModeState	16	static
../board/clock_config.c:69:13:CLOCK_CONFIG_FircSafeConfig	40	static
../board/clock_config.c:105:6:BOARD_InitBootClocks	8	static
../board/clock_config.c:189:6:BOARD_BootClockRUN	16	static
../board/clock_config.c:291:6:BOARD_BootClockVLPR	8	static
